Drill report for Microduck_Entry_5V_R22.kicad_pcb
Created on 2026-09-14T01:05:35

Copper Layer Stackup:
    =============================================================
    L1 :  F.Cu                      front
    L2 :  In1.Cu                    in1
    L3 :  In2.Cu                    in2
    L4 :  B.Cu                      back


Drill file 'Microduck_Entry_5V_R22-PTH.drl' contains
    plated through holes:
    =============================================================
    T1  0.200mm  0.0079"  (186 holes))
    T2  0.800mm  0.0315"  (4 holes))
    T3  2.400mm  0.0945"  (8 holes))

    Total plated holes count 198


Drill file 'Microduck_Entry_5V_R22-NPTH.drl' contains
    unplated through holes:
    =============================================================
    T1  2.200mm  0.0866"  (4 holes))

    Total unplated holes count 4
