Drill report for Microduck_Power_Regen_R22.kicad_pcb
Created on 2026-09-14T01:05:35

Copper Layer Stackup:
    =============================================================
    L1 :  F.Cu                      front
    L2 :  In1.Cu                    in1
    L3 :  In2.Cu                    in2
    L4 :  B.Cu                      back


Drill file 'Microduck_Power_Regen_R22-PTH.drl' contains
    plated through holes:
    =============================================================
    T1  0.200mm  0.0079"  (173 holes))
    T2  0.300mm  0.0118"  (12 holes))
    T3  0.500mm  0.0197"  (5 holes))
    T4  1.000mm  0.0394"  (6 holes))
    T5  1.200mm  0.0472"  (2 holes))
    T6  1.300mm  0.0512"  (8 holes))
    T7  1.900mm  0.0748"  (2 holes))
    T8  2.400mm  0.0945"  (6 holes))

    Total plated holes count 214


Drill file 'Microduck_Power_Regen_R22-NPTH.drl' contains
    unplated through holes:
    =============================================================
    T1  2.200mm  0.0866"  (4 holes))

    Total unplated holes count 4
